本地 idc 数据迁移流程
时间：2026-06-09 00:10:35
后端目录：C:\Users\USER125536\Desktop\caiwu\backend
dump 文件：C:\Users\USER125536\Desktop\caiwu\idc_2026-06-07_15-31-26_mysql_data_R5FN2.sql
env 文件：C:\Users\USER125536\Desktop\caiwu\backend\.env
dry-run：否

== 1. 清空并初始化本地数据库 ==
C:\Program Files\python\python.exe C:\Users\USER125536\Desktop\caiwu\backend\scripts\install_db.py --reset
[install-db] 开始初始化后端数据库
[install-db] 后端目录：C:\Users\USER125536\Desktop\caiwu\backend
[install-db] 数据库连接：idc@127.0.0.1:3306/idc
[install-db] 数据库密码：******
[install-db] 重置目标数据库：idc
[install-db] 已检测到 APP_KEY，跳过密钥生成
[install-db] 清理 Laravel 缓存

   INFO  Clearing cached bootstrap files.  

  config ................................................................................................. 1.82ms DONE
  cache .................................................................................................. 4.88ms DONE
  compiled ............................................................................................... 1.19ms DONE
  events ................................................................................................. 0.48ms DONE
  routes ................................................................................................. 0.46ms DONE
  views ................................................................................................ 295.19ms DONE

[install-db] 检测到空数据库，开始导入基础 schema
[install-db] 执行数据库迁移

   INFO  Preparing database.  

  Creating migration table .............................................................................. 42.37ms DONE

   INFO  Loading stored database schemas.  

  database/schema/mysql-schema.sql ........................................................................... 4秒 DONE

   INFO  Running migrations.  

  2026_05_17_000001_add_client_notification_preferences_to_users_table ................................. 356.22ms DONE
  2026_05_27_120000_add_recall_and_quote_to_ticket_replies .............................................. 66.02ms DONE
  2026_06_02_120000_remove_default_from_suppliers_interface_type ........................................ 99.32ms DONE
  2026_06_08_000001_add_refund_projection_to_invoices_table ............................................ 230.97ms DONE
  2026_06_08_000004_remove_seo_fields_from_products_and_content_articles ................................ 89.64ms DONE

[install-db] 初始化默认管理员 cerbo
[install-db] 数据库初始化完成

== 2. 迁移 dump 数据到当前结构 ==
C:\Program Files\python\python.exe C:\Users\USER125536\Desktop\caiwu\backend\scripts\migrate_legacy_dump.py --dump C:\Users\USER125536\Desktop\caiwu\idc_2026-06-07_15-31-26_mysql_data_R5FN2.sql --env C:\Users\USER125536\Desktop\caiwu\backend\.env
[legacy-migrate] 目标库：idc
[legacy-migrate] 临时库：idc_legacy_stage_20260609001042
[legacy-migrate] 当前数据库用户无建库权限，切换为同库临时前缀表模式
[legacy-migrate] 导入旧 SQL 到同库临时表：__legacy_20260609001043_*
Traceback (most recent call last):
  File "C:\Users\USER125536\Desktop\caiwu\backend\scripts\migrate_legacy_dump.py", line 834, in prepare_staging
    create_staging_database(config, staging_db)
  File "C:\Users\USER125536\Desktop\caiwu\backend\scripts\migrate_legacy_dump.py", line 536, in create_staging_database
    run_sql(
  File "C:\Users\USER125536\Desktop\caiwu\backend\scripts\migrate_legacy_dump.py", line 274, in run_sql
    run_command(
  File "C:\Users\USER125536\Desktop\caiwu\backend\scripts\migrate_legacy_dump.py", line 268, in run_command
    fail(f"命令执行失败：{command_text}\n{detail}")
  File "C:\Users\USER125536\Desktop\caiwu\backend\scripts\migrate_legacy_dump.py", line 149, in fail
    raise MigrationError(message)
__main__.MigrationError: 命令执行失败：mysql --default-character-set=utf8mb4 --connect-timeout=5 -u idc -h 127.0.0.1 -P 3306 --protocol=TCP -e 'DROP DATABASE IF EXISTS `idc_legacy_stage_20260609001042`; CREATE DATABASE `idc_legacy_stage_20260609001042` CHARACTER SET utf8mb4 COLLATE utf8mb4_unicode_ci;'
ERROR 1044 (42000) at line 1: Access denied for user 'idc'@'127.0.0.1' to database 'idc_legacy_stage_20260609001042'

During handling of the above exception, another exception occurred:

Traceback (most recent call last):
  File "C:\Users\USER125536\Desktop\caiwu\backend\scripts\migrate_legacy_dump.py", line 926, in <module>
    raise SystemExit(main())
  File "C:\Users\USER125536\Desktop\caiwu\backend\scripts\migrate_legacy_dump.py", line 917, in main
    run_migration(config, dump_path, staging_db, args.keep_staging)
  File "C:\Users\USER125536\Desktop\caiwu\backend\scripts\migrate_legacy_dump.py", line 871, in run_migration
    staging = prepare_staging(config, dump_path, dump_schema, staging_db)
  File "C:\Users\USER125536\Desktop\caiwu\backend\scripts\migrate_legacy_dump.py", line 841, in prepare_staging
    import_dump_to_prefixed_staging(config, config.database, dump_path, dump_schema, prefix)
  File "C:\Users\USER125536\Desktop\caiwu\backend\scripts\migrate_legacy_dump.py", line 603, in import_dump_to_prefixed_staging
    process.stdin.write(rewrite_dump_line_for_prefix(line, table_names, prefix))
OSError: [Errno 22] Invalid argument

错误：2. 迁移 dump 数据到当前结构 失败，退出码 1
迁移记录：C:\Users\USER125536\Desktop\caiwu\文档\数据库\迁移记录\idc-local-migration-20260609001035.log
